{
  "label": "spring-vt",
  "addr": "127.0.0.1:50056",
  "concurrency": 1,
  "connections": 4,
  "payload_bytes": 256,
  "mode": "read",
  "read_pct": 20,
  "keyspace": 10000,
  "duration_sec": 60.000124082,
  "total_ok": 217898,
  "total_err": 0,
  "rps": 3631.625823010077,
  "lat_mean_ms": 0.2711134980586013,
  "lat_p50_ms": 0.261,
  "lat_p90_ms": 0.299,
  "lat_p99_ms": 0.425,
  "lat_p999_ms": 1.035,
  "lat_max_ms": 5.763,
  "total_ok_write": 0,
  "total_ok_read": 217898,
  "write_rps": 0,
  "read_rps": 3631.625823010077,
  "write_p50_ms": 0,
  "write_p90_ms": 0,
  "write_p99_ms": 0,
  "write_p999_ms": 0,
  "write_max_ms": 0,
  "read_p50_ms": 0.261,
  "read_p90_ms": 0.299,
  "read_p99_ms": 0.425,
  "read_p999_ms": 1.035,
  "read_max_ms": 5.763
}
