{
  "label": "spring-vt",
  "addr": "127.0.0.1:50056",
  "concurrency": 32,
  "connections": 4,
  "payload_bytes": 256,
  "mode": "read",
  "read_pct": 20,
  "keyspace": 10000,
  "duration_sec": 60.000219289,
  "total_ok": 1197648,
  "total_err": 2,
  "rps": 19960.72704720211,
  "lat_mean_ms": 1.5986284910089197,
  "lat_p50_ms": 1.515,
  "lat_p90_ms": 2.175,
  "lat_p99_ms": 3.648,
  "lat_p999_ms": 5.658,
  "lat_max_ms": 12.373,
  "total_ok_write": 0,
  "total_ok_read": 1197648,
  "write_rps": 0,
  "read_rps": 19960.72704720211,
  "write_p50_ms": 0,
  "write_p90_ms": 0,
  "write_p99_ms": 0,
  "write_p999_ms": 0,
  "write_max_ms": 0,
  "read_p50_ms": 1.515,
  "read_p90_ms": 2.175,
  "read_p99_ms": 3.648,
  "read_p999_ms": 5.658,
  "read_max_ms": 12.373
}
