{
  "label": "spring-vt",
  "addr": "127.0.0.1:50056",
  "concurrency": 64,
  "connections": 4,
  "payload_bytes": 256,
  "mode": "read",
  "read_pct": 20,
  "keyspace": 10000,
  "duration_sec": 60.015222357,
  "total_ok": 1200260,
  "total_err": 2164,
  "rps": 19999.259402227395,
  "lat_mean_ms": 3.194712846383399,
  "lat_p50_ms": 3.049,
  "lat_p90_ms": 4.475,
  "lat_p99_ms": 6.728,
  "lat_p999_ms": 10.323,
  "lat_max_ms": 22.728,
  "total_ok_write": 0,
  "total_ok_read": 1200260,
  "write_rps": 0,
  "read_rps": 19999.259402227395,
  "write_p50_ms": 0,
  "write_p90_ms": 0,
  "write_p99_ms": 0,
  "write_p999_ms": 0,
  "write_max_ms": 0,
  "read_p50_ms": 3.049,
  "read_p90_ms": 4.475,
  "read_p99_ms": 6.728,
  "read_p999_ms": 10.323,
  "read_max_ms": 22.728
}
