{
  "label": "go-pgx",
  "addr": "127.0.0.1:50051",
  "concurrency": 8,
  "connections": 4,
  "payload_bytes": 256,
  "mode": "read",
  "read_pct": 20,
  "keyspace": 10000,
  "duration_sec": 18.001647291,
  "total_ok": 276067,
  "total_err": 129,
  "rps": 15335.652095462445,
  "lat_mean_ms": 0.5172412023168522,
  "lat_p50_ms": 0.478,
  "lat_p90_ms": 0.735,
  "lat_p99_ms": 1.29,
  "lat_p999_ms": 1.93,
  "lat_max_ms": 5,
  "total_ok_write": 0,
  "total_ok_read": 276067,
  "write_rps": 0,
  "read_rps": 15335.652095462445,
  "write_p50_ms": 0,
  "write_p90_ms": 0,
  "write_p99_ms": 0,
  "write_p999_ms": 0,
  "write_max_ms": 0,
  "read_p50_ms": 0.478,
  "read_p90_ms": 0.735,
  "read_p99_ms": 1.29,
  "read_p999_ms": 1.93,
  "read_max_ms": 5
}
