{
  "label": "go-pgx",
  "addr": "127.0.0.1:50051",
  "concurrency": 128,
  "connections": 4,
  "payload_bytes": 256,
  "mode": "read",
  "read_pct": 20,
  "keyspace": 10000,
  "duration_sec": 18.001053181,
  "total_ok": 377588,
  "total_err": 0,
  "rps": 20975.883810984004,
  "lat_mean_ms": 6.094013535917556,
  "lat_p50_ms": 5.874,
  "lat_p90_ms": 8.66,
  "lat_p99_ms": 11.346,
  "lat_p999_ms": 13.51,
  "lat_max_ms": 25.896,
  "total_ok_write": 0,
  "total_ok_read": 377588,
  "write_rps": 0,
  "read_rps": 20975.883810984004,
  "write_p50_ms": 0,
  "write_p90_ms": 0,
  "write_p99_ms": 0,
  "write_p999_ms": 0,
  "write_max_ms": 0,
  "read_p50_ms": 5.874,
  "read_p90_ms": 8.66,
  "read_p99_ms": 11.346,
  "read_p999_ms": 13.51,
  "read_max_ms": 25.896
}
