{
  "label": "go-pgx",
  "addr": "127.0.0.1:50051",
  "concurrency": 32,
  "connections": 4,
  "payload_bytes": 256,
  "mode": "read",
  "read_pct": 20,
  "keyspace": 10000,
  "duration_sec": 18.00074717,
  "total_ok": 371010,
  "total_err": 0,
  "rps": 20610.811123347386,
  "lat_mean_ms": 1.5477919058785319,
  "lat_p50_ms": 1.458,
  "lat_p90_ms": 2.264,
  "lat_p99_ms": 3.782,
  "lat_p999_ms": 4.93,
  "lat_max_ms": 11.389,
  "total_ok_write": 0,
  "total_ok_read": 371010,
  "write_rps": 0,
  "read_rps": 20610.811123347386,
  "write_p50_ms": 0,
  "write_p90_ms": 0,
  "write_p99_ms": 0,
  "write_p999_ms": 0,
  "write_max_ms": 0,
  "read_p50_ms": 1.458,
  "read_p90_ms": 2.264,
  "read_p99_ms": 3.782,
  "read_p999_ms": 4.93,
  "read_max_ms": 11.389
}
