{
  "label": "rust-tokio",
  "addr": "127.0.0.1:50053",
  "concurrency": 32,
  "connections": 4,
  "payload_bytes": 256,
  "mode": "read",
  "read_pct": 20,
  "keyspace": 10000,
  "duration_sec": 18.00147719,
  "total_ok": 525866,
  "total_err": 89,
  "rps": 29212.38043131948,
  "lat_mean_ms": 1.0907220033240173,
  "lat_p50_ms": 1.059,
  "lat_p90_ms": 1.457,
  "lat_p99_ms": 2.146,
  "lat_p999_ms": 4.347,
  "lat_max_ms": 7.566,
  "total_ok_write": 0,
  "total_ok_read": 525866,
  "write_rps": 0,
  "read_rps": 29212.38043131948,
  "write_p50_ms": 0,
  "write_p90_ms": 0,
  "write_p99_ms": 0,
  "write_p999_ms": 0,
  "write_max_ms": 0,
  "read_p50_ms": 1.059,
  "read_p90_ms": 1.457,
  "read_p99_ms": 2.146,
  "read_p999_ms": 4.347,
  "read_max_ms": 7.566
}
