{
  "label": "rust-tokio",
  "addr": "127.0.0.1:50053",
  "concurrency": 64,
  "connections": 4,
  "payload_bytes": 256,
  "mode": "read",
  "read_pct": 20,
  "keyspace": 10000,
  "duration_sec": 18.015771015,
  "total_ok": 571083,
  "total_err": 2376,
  "rps": 31699.059647489645,
  "lat_mean_ms": 2.013431492445028,
  "lat_p50_ms": 1.964,
  "lat_p90_ms": 2.664,
  "lat_p99_ms": 3.938,
  "lat_p999_ms": 5.977,
  "lat_max_ms": 17.467,
  "total_ok_write": 0,
  "total_ok_read": 571083,
  "write_rps": 0,
  "read_rps": 31699.059647489645,
  "write_p50_ms": 0,
  "write_p90_ms": 0,
  "write_p99_ms": 0,
  "write_p999_ms": 0,
  "write_max_ms": 0,
  "read_p50_ms": 1.964,
  "read_p90_ms": 2.664,
  "read_p99_ms": 3.938,
  "read_p999_ms": 5.977,
  "read_max_ms": 17.467
}
