{
  "label": "rust-tokio",
  "addr": "127.0.0.1:50053",
  "concurrency": 8,
  "connections": 4,
  "payload_bytes": 256,
  "mode": "read",
  "read_pct": 20,
  "keyspace": 10000,
  "duration_sec": 18.000118069,
  "total_ok": 378605,
  "total_err": 0,
  "rps": 21033.473144381074,
  "lat_mean_ms": 0.37607133556089306,
  "lat_p50_ms": 0.364,
  "lat_p90_ms": 0.467,
  "lat_p99_ms": 0.7,
  "lat_p999_ms": 1.381,
  "lat_max_ms": 4.517,
  "total_ok_write": 0,
  "total_ok_read": 378605,
  "write_rps": 0,
  "read_rps": 21033.473144381074,
  "write_p50_ms": 0,
  "write_p90_ms": 0,
  "write_p99_ms": 0,
  "write_p999_ms": 0,
  "write_max_ms": 0,
  "read_p50_ms": 0.364,
  "read_p90_ms": 0.467,
  "read_p99_ms": 0.7,
  "read_p999_ms": 1.381,
  "read_max_ms": 4.517
}
