{
  "label": "spring-vt",
  "addr": "127.0.0.1:50056",
  "concurrency": 64,
  "connections": 4,
  "payload_bytes": 256,
  "mode": "read",
  "read_pct": 20,
  "keyspace": 10000,
  "duration_sec": 18.000524688,
  "total_ok": 312326,
  "total_err": 0,
  "rps": 17350.93867614933,
  "lat_mean_ms": 3.6830655917215105,
  "lat_p50_ms": 3.168,
  "lat_p90_ms": 5.986,
  "lat_p99_ms": 10.512,
  "lat_p999_ms": 15.198,
  "lat_max_ms": 20.786,
  "total_ok_write": 0,
  "total_ok_read": 312326,
  "write_rps": 0,
  "read_rps": 17350.93867614933,
  "write_p50_ms": 0,
  "write_p90_ms": 0,
  "write_p99_ms": 0,
  "write_p999_ms": 0,
  "write_max_ms": 0,
  "read_p50_ms": 3.168,
  "read_p90_ms": 5.986,
  "read_p99_ms": 10.512,
  "read_p999_ms": 15.198,
  "read_max_ms": 20.786
}
