{
  "label": "spring-vt",
  "addr": "127.0.0.1:50056",
  "concurrency": 128,
  "connections": 4,
  "payload_bytes": 256,
  "mode": "read",
  "read_pct": 20,
  "keyspace": 10000,
  "duration_sec": 18.00163168,
  "total_ok": 301577,
  "total_err": 0,
  "rps": 16752.759158774214,
  "lat_mean_ms": 7.631909187371725,
  "lat_p50_ms": 6.927,
  "lat_p90_ms": 11.037,
  "lat_p99_ms": 20.266,
  "lat_p999_ms": 28.688,
  "lat_max_ms": 53.186,
  "total_ok_write": 0,
  "total_ok_read": 301577,
  "write_rps": 0,
  "read_rps": 16752.759158774214,
  "write_p50_ms": 0,
  "write_p90_ms": 0,
  "write_p99_ms": 0,
  "write_p999_ms": 0,
  "write_max_ms": 0,
  "read_p50_ms": 6.927,
  "read_p90_ms": 11.037,
  "read_p99_ms": 20.266,
  "read_p999_ms": 28.688,
  "read_max_ms": 53.186
}
