{
  "label": "spring-vt",
  "addr": "127.0.0.1:50056",
  "concurrency": 32,
  "connections": 4,
  "payload_bytes": 256,
  "mode": "read",
  "read_pct": 20,
  "keyspace": 10000,
  "duration_sec": 18.000385353,
  "total_ok": 332077,
  "total_err": 0,
  "rps": 18448.32727120784,
  "lat_mean_ms": 1.7297987394489656,
  "lat_p50_ms": 1.517,
  "lat_p90_ms": 2.443,
  "lat_p99_ms": 5.469,
  "lat_p999_ms": 8.075,
  "lat_max_ms": 12.724,
  "total_ok_write": 0,
  "total_ok_read": 332077,
  "write_rps": 0,
  "read_rps": 18448.32727120784,
  "write_p50_ms": 0,
  "write_p90_ms": 0,
  "write_p99_ms": 0,
  "write_p999_ms": 0,
  "write_max_ms": 0,
  "read_p50_ms": 1.517,
  "read_p90_ms": 2.443,
  "read_p99_ms": 5.469,
  "read_p999_ms": 8.075,
  "read_max_ms": 12.724
}
