{
  "label": "spring-vt",
  "addr": "127.0.0.1:50056",
  "concurrency": 1,
  "connections": 4,
  "payload_bytes": 256,
  "mode": "read",
  "read_pct": 20,
  "keyspace": 10000,
  "duration_sec": 18.000036074,
  "total_ok": 63949,
  "total_err": 3,
  "rps": 3552.715102186411,
  "lat_mean_ms": 0.2772665092495533,
  "lat_p50_ms": 0.263,
  "lat_p90_ms": 0.306,
  "lat_p99_ms": 0.464,
  "lat_p999_ms": 1.126,
  "lat_max_ms": 4.17,
  "total_ok_write": 0,
  "total_ok_read": 63949,
  "write_rps": 0,
  "read_rps": 3552.715102186411,
  "write_p50_ms": 0,
  "write_p90_ms": 0,
  "write_p99_ms": 0,
  "write_p999_ms": 0,
  "write_max_ms": 0,
  "read_p50_ms": 0.263,
  "read_p90_ms": 0.306,
  "read_p99_ms": 0.464,
  "read_p999_ms": 1.126,
  "read_max_ms": 4.17
}
