{
  "label": "spring-vt",
  "addr": "127.0.0.1:50056",
  "concurrency": 8,
  "connections": 4,
  "payload_bytes": 256,
  "mode": "read",
  "read_pct": 20,
  "keyspace": 10000,
  "duration_sec": 18.000079655,
  "total_ok": 240538,
  "total_err": 0,
  "rps": 13363.163086513574,
  "lat_mean_ms": 0.5942087487215957,
  "lat_p50_ms": 0.546,
  "lat_p90_ms": 0.723,
  "lat_p99_ms": 1.683,
  "lat_p999_ms": 2.924,
  "lat_max_ms": 11.158,
  "total_ok_write": 0,
  "total_ok_read": 240538,
  "write_rps": 0,
  "read_rps": 13363.163086513574,
  "write_p50_ms": 0,
  "write_p90_ms": 0,
  "write_p99_ms": 0,
  "write_p999_ms": 0,
  "write_max_ms": 0,
  "read_p50_ms": 0.546,
  "read_p90_ms": 0.723,
  "read_p99_ms": 1.683,
  "read_p999_ms": 2.924,
  "read_max_ms": 11.158
}
