{
  "label": "spring-vt",
  "addr": "127.0.0.1:50056",
  "concurrency": 64,
  "connections": 4,
  "payload_bytes": 256,
  "mode": "exectx",
  "read_pct": 20,
  "keyspace": 10000,
  "duration_sec": 60.000919304,
  "total_ok": 431257,
  "total_err": 0,
  "rps": 7187.506541608104,
  "lat_mean_ms": 8.897615076393054,
  "lat_p50_ms": 8.561,
  "lat_p90_ms": 12.673,
  "lat_p99_ms": 18.866,
  "lat_p999_ms": 27.985,
  "lat_max_ms": 138.28,
  "total_ok_write": 431257,
  "total_ok_read": 0,
  "write_rps": 7187.506541608104,
  "read_rps": 0,
  "write_p50_ms": 8.561,
  "write_p90_ms": 12.673,
  "write_p99_ms": 18.866,
  "write_p999_ms": 27.985,
  "write_max_ms": 138.28,
  "read_p50_ms": 0,
  "read_p90_ms": 0,
  "read_p99_ms": 0,
  "read_p999_ms": 0,
  "read_max_ms": 0
}
