{
  "label": "spring-vt",
  "addr": "127.0.0.1:50056",
  "concurrency": 32,
  "connections": 4,
  "payload_bytes": 256,
  "mode": "exectx",
  "read_pct": 20,
  "keyspace": 10000,
  "duration_sec": 60.001438371,
  "total_ok": 348862,
  "total_err": 94,
  "rps": 5814.227283068144,
  "lat_mean_ms": 5.498210384048631,
  "lat_p50_ms": 4.812,
  "lat_p90_ms": 9.314,
  "lat_p99_ms": 11.966,
  "lat_p999_ms": 19.745,
  "lat_max_ms": 156.307,
  "total_ok_write": 348862,
  "total_ok_read": 0,
  "write_rps": 5814.227283068144,
  "read_rps": 0,
  "write_p50_ms": 4.812,
  "write_p90_ms": 9.314,
  "write_p99_ms": 11.966,
  "write_p999_ms": 19.745,
  "write_max_ms": 156.307,
  "read_p50_ms": 0,
  "read_p90_ms": 0,
  "read_p99_ms": 0,
  "read_p999_ms": 0,
  "read_max_ms": 0
}
