{
  "label": "spring-vt",
  "addr": "127.0.0.1:50056",
  "concurrency": 128,
  "connections": 4,
  "payload_bytes": 256,
  "mode": "exectx",
  "read_pct": 20,
  "keyspace": 10000,
  "duration_sec": 60.000967425,
  "total_ok": 326913,
  "total_err": 0,
  "rps": 5448.462150358403,
  "lat_mean_ms": 23.479047737471905,
  "lat_p50_ms": 24.456,
  "lat_p90_ms": 32.985,
  "lat_p99_ms": 50.342,
  "lat_p999_ms": 149.17,
  "lat_max_ms": 371.193,
  "total_ok_write": 326913,
  "total_ok_read": 0,
  "write_rps": 5448.462150358403,
  "read_rps": 0,
  "write_p50_ms": 24.456,
  "write_p90_ms": 32.985,
  "write_p99_ms": 50.342,
  "write_p999_ms": 149.17,
  "write_max_ms": 371.193,
  "read_p50_ms": 0,
  "read_p90_ms": 0,
  "read_p99_ms": 0,
  "read_p999_ms": 0,
  "read_max_ms": 0
}
