{
  "label": "go-pgx",
  "addr": "127.0.0.1:50051",
  "concurrency": 64,
  "connections": 4,
  "payload_bytes": 256,
  "mode": "exectx",
  "read_pct": 20,
  "keyspace": 10000,
  "duration_sec": 18.000696954,
  "total_ok": 149302,
  "total_err": 0,
  "rps": 8294.234405564117,
  "lat_mean_ms": 7.704633333779893,
  "lat_p50_ms": 7.481,
  "lat_p90_ms": 9.609,
  "lat_p99_ms": 12.009,
  "lat_p999_ms": 14.944,
  "lat_max_ms": 68.401,
  "total_ok_write": 149302,
  "total_ok_read": 0,
  "write_rps": 8294.234405564117,
  "read_rps": 0,
  "write_p50_ms": 7.481,
  "write_p90_ms": 9.609,
  "write_p99_ms": 12.009,
  "write_p999_ms": 14.944,
  "write_max_ms": 68.401,
  "read_p50_ms": 0,
  "read_p90_ms": 0,
  "read_p99_ms": 0,
  "read_p999_ms": 0,
  "read_max_ms": 0
}
