{
  "label": "go-pgx",
  "addr": "127.0.0.1:50051",
  "concurrency": 8,
  "connections": 4,
  "payload_bytes": 256,
  "mode": "exectx",
  "read_pct": 20,
  "keyspace": 10000,
  "duration_sec": 18.000112098,
  "total_ok": 113572,
  "total_err": 0,
  "rps": 6309.516261991448,
  "lat_mean_ms": 1.2630584915296068,
  "lat_p50_ms": 1.206,
  "lat_p90_ms": 1.552,
  "lat_p99_ms": 2.383,
  "lat_p999_ms": 6.34,
  "lat_max_ms": 17.263,
  "total_ok_write": 113572,
  "total_ok_read": 0,
  "write_rps": 6309.516261991448,
  "read_rps": 0,
  "write_p50_ms": 1.206,
  "write_p90_ms": 1.552,
  "write_p99_ms": 2.383,
  "write_p999_ms": 6.34,
  "write_max_ms": 17.263,
  "read_p50_ms": 0,
  "read_p90_ms": 0,
  "read_p99_ms": 0,
  "read_p999_ms": 0,
  "read_max_ms": 0
}
