{
  "label": "rust-tokio",
  "addr": "127.0.0.1:50053",
  "concurrency": 1,
  "connections": 4,
  "payload_bytes": 256,
  "mode": "exectx",
  "read_pct": 20,
  "keyspace": 10000,
  "duration_sec": 18.000242563,
  "total_ok": 24354,
  "total_err": 0,
  "rps": 1352.981767593528,
  "lat_mean_ms": 0.734107292436571,
  "lat_p50_ms": 0.747,
  "lat_p90_ms": 0.833,
  "lat_p99_ms": 0.954,
  "lat_p999_ms": 1.359,
  "lat_max_ms": 6.571,
  "total_ok_write": 24354,
  "total_ok_read": 0,
  "write_rps": 1352.981767593528,
  "read_rps": 0,
  "write_p50_ms": 0.747,
  "write_p90_ms": 0.833,
  "write_p99_ms": 0.954,
  "write_p999_ms": 1.359,
  "write_max_ms": 6.571,
  "read_p50_ms": 0,
  "read_p90_ms": 0,
  "read_p99_ms": 0,
  "read_p999_ms": 0,
  "read_max_ms": 0
}
