{
  "label": "rust-tokio",
  "addr": "127.0.0.1:50053",
  "concurrency": 128,
  "connections": 4,
  "payload_bytes": 256,
  "mode": "exectx",
  "read_pct": 20,
  "keyspace": 10000,
  "duration_sec": 18.001015572,
  "total_ok": 203008,
  "total_err": 0,
  "rps": 11277.585933305474,
  "lat_mean_ms": 11.336169072154958,
  "lat_p50_ms": 11.263,
  "lat_p90_ms": 12.127,
  "lat_p99_ms": 15.052,
  "lat_p999_ms": 16.974,
  "lat_max_ms": 19.518,
  "total_ok_write": 203008,
  "total_ok_read": 0,
  "write_rps": 11277.585933305474,
  "read_rps": 0,
  "write_p50_ms": 11.263,
  "write_p90_ms": 12.127,
  "write_p99_ms": 15.052,
  "write_p999_ms": 16.974,
  "write_max_ms": 19.518,
  "read_p50_ms": 0,
  "read_p90_ms": 0,
  "read_p99_ms": 0,
  "read_p999_ms": 0,
  "read_max_ms": 0
}
