{
  "label": "spring-vt",
  "addr": "127.0.0.1:50056",
  "concurrency": 64,
  "connections": 4,
  "payload_bytes": 256,
  "mode": "exectx",
  "read_pct": 20,
  "keyspace": 10000,
  "duration_sec": 18.000611537,
  "total_ok": 126536,
  "total_err": 0,
  "rps": 7029.538954268695,
  "lat_mean_ms": 9.095039000758625,
  "lat_p50_ms": 8.281,
  "lat_p90_ms": 13.754,
  "lat_p99_ms": 19.865,
  "lat_p999_ms": 26.84,
  "lat_max_ms": 46.391,
  "total_ok_write": 126536,
  "total_ok_read": 0,
  "write_rps": 7029.538954268695,
  "read_rps": 0,
  "write_p50_ms": 8.281,
  "write_p90_ms": 13.754,
  "write_p99_ms": 19.865,
  "write_p999_ms": 26.84,
  "write_max_ms": 46.391,
  "read_p50_ms": 0,
  "read_p90_ms": 0,
  "read_p99_ms": 0,
  "read_p999_ms": 0,
  "read_max_ms": 0
}
