{
  "label": "spring-vt",
  "addr": "127.0.0.1:50056",
  "concurrency": 1,
  "connections": 4,
  "payload_bytes": 256,
  "mode": "exectx",
  "read_pct": 20,
  "keyspace": 10000,
  "duration_sec": 18.000282233,
  "total_ok": 23564,
  "total_err": 0,
  "rps": 1309.0905850798279,
  "lat_mean_ms": 0.7591176795111275,
  "lat_p50_ms": 0.725,
  "lat_p90_ms": 0.879,
  "lat_p99_ms": 1.128,
  "lat_p999_ms": 3.519,
  "lat_max_ms": 7.032,
  "total_ok_write": 23564,
  "total_ok_read": 0,
  "write_rps": 1309.0905850798279,
  "read_rps": 0,
  "write_p50_ms": 0.725,
  "write_p90_ms": 0.879,
  "write_p99_ms": 1.128,
  "write_p999_ms": 3.519,
  "write_max_ms": 7.032,
  "read_p50_ms": 0,
  "read_p90_ms": 0,
  "read_p99_ms": 0,
  "read_p999_ms": 0,
  "read_max_ms": 0
}
