2026-06-24T21:21:59.709+05:30  INFO 7929 --- [spring-data-jdbc-bench] [           main] c.beam.bench.SpringDataJdbcApplication   : Starting SpringDataJdbcApplication v1.0.0 using Java 25.0.3 with PID 7929 (/home/coding2fun/khekrn/gprc-benchmark/grpc-pg-bench/bin/spring-data-jdbc-bench.jar started by coding2fun in /home/coding2fun/khekrn/gprc-benchmark/grpc-pg-bench)
2026-06-24T21:21:59.715+05:30  INFO 7929 --- [spring-data-jdbc-bench] [           main] c.beam.bench.SpringDataJdbcApplication   : No active profile set, falling back to 1 default profile: "default"
2026-06-24T21:22:00.399+05:30  INFO 7929 --- [spring-data-jdbc-bench] [           main] .s.d.r.c.RepositoryConfigurationDelegate : Bootstrapping Spring Data JDBC repositories in DEFAULT mode.
2026-06-24T21:22:00.489+05:30  INFO 7929 --- [spring-data-jdbc-bench] [           main] .s.d.r.c.RepositoryConfigurationDelegate : Finished Spring Data repository scanning in 81 ms. Found 3 JDBC repository interfaces.
2026-06-24T21:22:00.878+05:30  INFO 7929 --- [spring-data-jdbc-bench] [           main] com.zaxxer.hikari.HikariDataSource       : HikariPool-1 - Starting...
2026-06-24T21:22:01.208+05:30  INFO 7929 --- [spring-data-jdbc-bench] [           main] com.zaxxer.hikari.pool.HikariPool        : HikariPool-1 - Added connection org.postgresql.jdbc.PgConnection@6d1dcdff
2026-06-24T21:22:01.209+05:30  INFO 7929 --- [spring-data-jdbc-bench] [           main] com.zaxxer.hikari.HikariDataSource       : HikariPool-1 - Start completed.
WARNING: A restricted method in java.lang.System has been called
WARNING: java.lang.System::loadLibrary has been called by io.netty.util.internal.NativeLibraryUtil in an unnamed module (jar:nested:/home/coding2fun/khekrn/gprc-benchmark/grpc-pg-bench/bin/spring-data-jdbc-bench.jar/!BOOT-INF/lib/netty-common-4.2.15.Final.jar!/)
WARNING: Use --enable-native-access=ALL-UNNAMED to avoid a warning for callers in this module
WARNING: Restricted methods will be blocked in a future release unless native access is enabled

2026-06-24T21:22:01.752+05:30  INFO 7929 --- [spring-data-jdbc-bench] [           main] com.beam.bench.GrpcServerConfig          : grpc-netty transport: epoll (io threads=1)
2026-06-24T21:22:02.052+05:30  INFO 7929 --- [spring-data-jdbc-bench] [           main] o.s.grpc.server.NettyGrpcServerFactory   : Registered gRPC service: bench.v1.CommandService
2026-06-24T21:22:02.052+05:30  INFO 7929 --- [spring-data-jdbc-bench] [           main] o.s.grpc.server.NettyGrpcServerFactory   : Registered gRPC service: grpc.reflection.v1.ServerReflection
2026-06-24T21:22:02.052+05:30  INFO 7929 --- [spring-data-jdbc-bench] [           main] o.s.grpc.server.NettyGrpcServerFactory   : Registered gRPC service: grpc.health.v1.Health
2026-06-24T21:22:02.154+05:30  INFO 7929 --- [spring-data-jdbc-bench] [           main] o.s.g.s.lifecycle.GrpcServerLifecycle    : gRPC Server started, listening on address: [/[0:0:0:0:0:0:0:0]:50060], port: 50060
2026-06-24T21:22:02.159+05:30  INFO 7929 --- [spring-data-jdbc-bench] [           main] c.beam.bench.SpringDataJdbcApplication   : Started SpringDataJdbcApplication in 3.056 seconds (process running for 5.128)
WARNING: A terminally deprecated method in sun.misc.Unsafe has been called
WARNING: sun.misc.Unsafe::arrayBaseOffset has been called by com.google.protobuf.UnsafeUtil (jar:nested:/home/coding2fun/khekrn/gprc-benchmark/grpc-pg-bench/bin/spring-data-jdbc-bench.jar/!BOOT-INF/lib/protobuf-java-4.34.2.jar!/)
WARNING: Please consider reporting this to the maintainers of class com.google.protobuf.UnsafeUtil
WARNING: sun.misc.Unsafe::arrayBaseOffset will be removed in a future release
2026-06-24T21:52:34.622+05:30  INFO 7929 --- [spring-data-jdbc-bench] [ionShutdownHook] o.s.g.s.lifecycle.GrpcServerLifecycle    : Completed gRPC server shutdown
2026-06-24T21:52:34.631+05:30  INFO 7929 --- [spring-data-jdbc-bench] [ionShutdownHook] com.zaxxer.hikari.HikariDataSource       : HikariPool-1 - Shutdown initiated...
2026-06-24T21:52:34.645+05:30  INFO 7929 --- [spring-data-jdbc-bench] [ionShutdownHook] com.zaxxer.hikari.HikariDataSource       : HikariPool-1 - Shutdown completed.
