2026-06-24T20:28:38.752+05:30  INFO 53928 --- [spring-data-jdbc-bench] [           main] c.beam.bench.SpringDataJdbcApplication   : Starting SpringDataJdbcApplication v1.0.0 using Java 25.0.3 with PID 53928 (/home/coding2fun/khekrn/gprc-benchmark/grpc-pg-bench/bin/spring-data-jdbc-bench.jar started by coding2fun in /home/coding2fun/khekrn/gprc-benchmark/grpc-pg-bench)
2026-06-24T20:28:38.756+05:30  INFO 53928 --- [spring-data-jdbc-bench] [           main] c.beam.bench.SpringDataJdbcApplication   : No active profile set, falling back to 1 default profile: "default"
2026-06-24T20:28:39.374+05:30  INFO 53928 --- [spring-data-jdbc-bench] [           main] .s.d.r.c.RepositoryConfigurationDelegate : Bootstrapping Spring Data JDBC repositories in DEFAULT mode.
2026-06-24T20:28:39.446+05:30  INFO 53928 --- [spring-data-jdbc-bench] [           main] .s.d.r.c.RepositoryConfigurationDelegate : Finished Spring Data repository scanning in 64 ms. Found 3 JDBC repository interfaces.
2026-06-24T20:28:39.825+05:30  INFO 53928 --- [spring-data-jdbc-bench] [           main] com.zaxxer.hikari.HikariDataSource       : HikariPool-1 - Starting...
2026-06-24T20:28:40.127+05:30  INFO 53928 --- [spring-data-jdbc-bench] [           main] com.zaxxer.hikari.pool.HikariPool        : HikariPool-1 - Added connection org.postgresql.jdbc.PgConnection@5fa23c
2026-06-24T20:28:40.129+05:30  INFO 53928 --- [spring-data-jdbc-bench] [           main] com.zaxxer.hikari.HikariDataSource       : HikariPool-1 - Start completed.
WARNING: A restricted method in java.lang.System has been called
WARNING: java.lang.System::loadLibrary has been called by io.netty.util.internal.NativeLibraryUtil in an unnamed module (jar:nested:/home/coding2fun/khekrn/gprc-benchmark/grpc-pg-bench/bin/spring-data-jdbc-bench.jar/!BOOT-INF/lib/netty-common-4.2.15.Final.jar!/)
WARNING: Use --enable-native-access=ALL-UNNAMED to avoid a warning for callers in this module
WARNING: Restricted methods will be blocked in a future release unless native access is enabled

2026-06-24T20:28:40.632+05:30  INFO 53928 --- [spring-data-jdbc-bench] [           main] com.beam.bench.GrpcServerConfig          : grpc-netty transport: epoll (io threads=1)
2026-06-24T20:28:40.920+05:30  INFO 53928 --- [spring-data-jdbc-bench] [           main] o.s.grpc.server.NettyGrpcServerFactory   : Registered gRPC service: bench.v1.CommandService
2026-06-24T20:28:40.920+05:30  INFO 53928 --- [spring-data-jdbc-bench] [           main] o.s.grpc.server.NettyGrpcServerFactory   : Registered gRPC service: grpc.reflection.v1.ServerReflection
2026-06-24T20:28:40.920+05:30  INFO 53928 --- [spring-data-jdbc-bench] [           main] o.s.grpc.server.NettyGrpcServerFactory   : Registered gRPC service: grpc.health.v1.Health
2026-06-24T20:28:41.019+05:30  INFO 53928 --- [spring-data-jdbc-bench] [           main] o.s.g.s.lifecycle.GrpcServerLifecycle    : gRPC Server started, listening on address: [/[0:0:0:0:0:0:0:0]:50060], port: 50060
2026-06-24T20:28:41.023+05:30  INFO 53928 --- [spring-data-jdbc-bench] [           main] c.beam.bench.SpringDataJdbcApplication   : Started SpringDataJdbcApplication in 2.805 seconds (process running for 5.803)
WARNING: A terminally deprecated method in sun.misc.Unsafe has been called
WARNING: sun.misc.Unsafe::arrayBaseOffset has been called by com.google.protobuf.UnsafeUtil (jar:nested:/home/coding2fun/khekrn/gprc-benchmark/grpc-pg-bench/bin/spring-data-jdbc-bench.jar/!BOOT-INF/lib/protobuf-java-4.34.2.jar!/)
WARNING: Please consider reporting this to the maintainers of class com.google.protobuf.UnsafeUtil
WARNING: sun.misc.Unsafe::arrayBaseOffset will be removed in a future release
2026-06-24T20:33:22.238+05:30  INFO 53928 --- [spring-data-jdbc-bench] [ionShutdownHook] o.s.g.s.lifecycle.GrpcServerLifecycle    : Completed gRPC server shutdown
2026-06-24T20:33:22.257+05:30  INFO 53928 --- [spring-data-jdbc-bench] [ionShutdownHook] com.zaxxer.hikari.HikariDataSource       : HikariPool-1 - Shutdown initiated...
2026-06-24T20:33:22.277+05:30  INFO 53928 --- [spring-data-jdbc-bench] [ionShutdownHook] com.zaxxer.hikari.HikariDataSource       : HikariPool-1 - Shutdown completed.
