2026-06-24T13:52:00.416+05:30  INFO 8142 --- [spring-vt-bench] [           main] com.beam.bench.SpringVtApplication       : Starting SpringVtApplication v1.0.0 using Java 25.0.3 with PID 8142 (/home/coding2fun/khekrn/gprc-benchmark/grpc-pg-bench/bin/spring-vt-bench.jar started by coding2fun in /home/coding2fun/khekrn/gprc-benchmark/grpc-pg-bench)
2026-06-24T13:52:00.421+05:30  INFO 8142 --- [spring-vt-bench] [           main] com.beam.bench.SpringVtApplication       : No active profile set, falling back to 1 default profile: "default"
WARNING: A restricted method in java.lang.System has been called
WARNING: java.lang.System::loadLibrary has been called by io.netty.util.internal.NativeLibraryUtil in an unnamed module (jar:nested:/home/coding2fun/khekrn/gprc-benchmark/grpc-pg-bench/bin/spring-vt-bench.jar/!BOOT-INF/lib/netty-common-4.2.15.Final.jar!/)
WARNING: Use --enable-native-access=ALL-UNNAMED to avoid a warning for callers in this module
WARNING: Restricted methods will be blocked in a future release unless native access is enabled

2026-06-24T13:52:01.660+05:30  INFO 8142 --- [spring-vt-bench] [           main] com.beam.bench.GrpcServerConfig          : grpc-netty transport: epoll (io threads=1)
2026-06-24T13:52:01.998+05:30  INFO 8142 --- [spring-vt-bench] [           main] o.s.grpc.server.NettyGrpcServerFactory   : Registered gRPC service: bench.v1.CommandService
2026-06-24T13:52:01.998+05:30  INFO 8142 --- [spring-vt-bench] [           main] o.s.grpc.server.NettyGrpcServerFactory   : Registered gRPC service: grpc.reflection.v1.ServerReflection
2026-06-24T13:52:01.999+05:30  INFO 8142 --- [spring-vt-bench] [           main] o.s.grpc.server.NettyGrpcServerFactory   : Registered gRPC service: grpc.health.v1.Health
2026-06-24T13:52:02.098+05:30  INFO 8142 --- [spring-vt-bench] [           main] o.s.g.s.lifecycle.GrpcServerLifecycle    : gRPC Server started, listening on address: [/[0:0:0:0:0:0:0:0]:50056], port: 50056
2026-06-24T13:52:02.102+05:30  INFO 8142 --- [spring-vt-bench] [           main] com.beam.bench.SpringVtApplication       : Started SpringVtApplication in 2.305 seconds (process running for 4.158)
WARNING: A terminally deprecated method in sun.misc.Unsafe has been called
WARNING: sun.misc.Unsafe::arrayBaseOffset has been called by com.google.protobuf.UnsafeUtil (jar:nested:/home/coding2fun/khekrn/gprc-benchmark/grpc-pg-bench/bin/spring-vt-bench.jar/!BOOT-INF/lib/protobuf-java-4.34.2.jar!/)
WARNING: Please consider reporting this to the maintainers of class com.google.protobuf.UnsafeUtil
WARNING: sun.misc.Unsafe::arrayBaseOffset will be removed in a future release
2026-06-24T13:52:02.794+05:30  INFO 8142 --- [spring-vt-bench] [    virtual-142] com.zaxxer.hikari.HikariDataSource       : HikariPool-1 - Starting...
2026-06-24T13:52:03.073+05:30  INFO 8142 --- [spring-vt-bench] [    virtual-142] com.zaxxer.hikari.pool.HikariPool        : HikariPool-1 - Added connection org.postgresql.jdbc.PgConnection@8e39bc8
2026-06-24T13:52:03.075+05:30  INFO 8142 --- [spring-vt-bench] [    virtual-142] com.zaxxer.hikari.HikariDataSource       : HikariPool-1 - Start completed.
2026-06-24T14:22:35.634+05:30  INFO 8142 --- [spring-vt-bench] [ionShutdownHook] o.s.g.s.lifecycle.GrpcServerLifecycle    : Completed gRPC server shutdown
2026-06-24T14:22:35.646+05:30  INFO 8142 --- [spring-vt-bench] [ionShutdownHook] com.zaxxer.hikari.HikariDataSource       : HikariPool-1 - Shutdown initiated...
2026-06-24T14:22:35.657+05:30  INFO 8142 --- [spring-vt-bench] [ionShutdownHook] com.zaxxer.hikari.HikariDataSource       : HikariPool-1 - Shutdown completed.
