{
  "label": "go-pgx",
  "addr": "127.0.0.1:50051",
  "concurrency": 128,
  "connections": 4,
  "payload_bytes": 256,
  "mode": "execute",
  "read_pct": 20,
  "keyspace": 10000,
  "duration_sec": 18.001237949,
  "total_ok": 335503,
  "total_err": 0,
  "rps": 18637.773743701764,
  "lat_mean_ms": 6.858538531697167,
  "lat_p50_ms": 6.557,
  "lat_p90_ms": 9.406,
  "lat_p99_ms": 12.099,
  "lat_p999_ms": 16.029,
  "lat_max_ms": 69.516,
  "total_ok_write": 335503,
  "total_ok_read": 0,
  "write_rps": 18637.773743701764,
  "read_rps": 0,
  "write_p50_ms": 6.557,
  "write_p90_ms": 9.406,
  "write_p99_ms": 12.099,
  "write_p999_ms": 16.029,
  "write_max_ms": 69.516,
  "read_p50_ms": 0,
  "read_p90_ms": 0,
  "read_p99_ms": 0,
  "read_p999_ms": 0,
  "read_max_ms": 0
}
