{
  "label": "go-pgx",
  "addr": "127.0.0.1:50051",
  "concurrency": 64,
  "connections": 4,
  "payload_bytes": 256,
  "mode": "execute",
  "read_pct": 20,
  "keyspace": 10000,
  "duration_sec": 18.004523379,
  "total_ok": 351763,
  "total_err": 265,
  "rps": 19537.479143173936,
  "lat_mean_ms": 3.2698482728427583,
  "lat_p50_ms": 3.079,
  "lat_p90_ms": 4.813,
  "lat_p99_ms": 7.185,
  "lat_p999_ms": 9.413,
  "lat_max_ms": 38.68,
  "total_ok_write": 351763,
  "total_ok_read": 0,
  "write_rps": 19537.479143173936,
  "read_rps": 0,
  "write_p50_ms": 3.079,
  "write_p90_ms": 4.813,
  "write_p99_ms": 7.185,
  "write_p999_ms": 9.413,
  "write_max_ms": 38.68,
  "read_p50_ms": 0,
  "read_p90_ms": 0,
  "read_p99_ms": 0,
  "read_p999_ms": 0,
  "read_max_ms": 0
}
