{
  "label": "rust-tokio",
  "addr": "127.0.0.1:50053",
  "concurrency": 32,
  "connections": 4,
  "payload_bytes": 256,
  "mode": "execute",
  "read_pct": 20,
  "keyspace": 10000,
  "duration_sec": 18.000370653,
  "total_ok": 431302,
  "total_err": 0,
  "rps": 23960.728826887673,
  "lat_mean_ms": 1.3305885875790588,
  "lat_p50_ms": 1.279,
  "lat_p90_ms": 1.657,
  "lat_p99_ms": 2.817,
  "lat_p999_ms": 6.621,
  "lat_max_ms": 12.89,
  "total_ok_write": 431302,
  "total_ok_read": 0,
  "write_rps": 23960.728826887673,
  "read_rps": 0,
  "write_p50_ms": 1.279,
  "write_p90_ms": 1.657,
  "write_p99_ms": 2.817,
  "write_p999_ms": 6.621,
  "write_max_ms": 12.89,
  "read_p50_ms": 0,
  "read_p90_ms": 0,
  "read_p99_ms": 0,
  "read_p999_ms": 0,
  "read_max_ms": 0
}
