{
  "label": "spring-vt",
  "addr": "127.0.0.1:50056",
  "concurrency": 8,
  "connections": 4,
  "payload_bytes": 256,
  "mode": "execute",
  "read_pct": 20,
  "keyspace": 10000,
  "duration_sec": 18.000186899,
  "total_ok": 162240,
  "total_err": 0,
  "rps": 9013.239746361369,
  "lat_mean_ms": 0.882872583826409,
  "lat_p50_ms": 0.809,
  "lat_p90_ms": 1.086,
  "lat_p99_ms": 2.178,
  "lat_p999_ms": 6.139,
  "lat_max_ms": 9.651,
  "total_ok_write": 162240,
  "total_ok_read": 0,
  "write_rps": 9013.239746361369,
  "read_rps": 0,
  "write_p50_ms": 0.809,
  "write_p90_ms": 1.086,
  "write_p99_ms": 2.178,
  "write_p999_ms": 6.139,
  "write_max_ms": 9.651,
  "read_p50_ms": 0,
  "read_p90_ms": 0,
  "read_p99_ms": 0,
  "read_p999_ms": 0,
  "read_max_ms": 0
}
